ARM Linker, 5.03 [Build 76] [MDK-ARM Lite]

==============================================================================

Section Cross References

    startup.o(STACK) refers (Special) to heapauxi.o(.text) for __use_two_region_memory
    startup.o(HEAP) refers (Special) to heapauxi.o(.text) for __use_two_region_memory
    startup.o(RESET) refers (Special) to heapauxi.o(.text) for __use_two_region_memory
    startup.o(RESET) refers to startup.o(STACK) for StackMem
    startup.o(RESET) refers to dinosaurrun.o(i.SysTick_Handler) for SysTick_Handler
    startup.o(RESET) refers to dinosaurrun.o(i.Timer2A_Handler) for Timer2A_Handler
    startup.o(RESET) refers to texas.o(i.Timer4A_Handler) for Timer4A_Handler
    startup.o(RESET) refers to texas.o(i.Timer5A_Handler) for Timer5A_Handler
    startup.o(RESET) refers to __main.o(!!!main) for __main
    startup.o(.text) refers (Special) to heapauxi.o(.text) for __use_two_region_memory
    startup.o(.text) refers to startup.o(HEAP) for HeapMem
    startup.o(.text) refers to startup.o(STACK) for StackMem
    random.o(.text) refers to random.o(DATA) for M
    texas.o(i.SetCode) refers to texas.o(.bss) for TExaS
    texas.o(i.SetCourse) refers to texas.o(.bss) for TExaS
    texas.o(i.SetMode) refers to texas.o(.bss) for TExaS
    texas.o(i.StartTimer4) refers to texas.o(.data) for ScopeCount
    texas.o(i.TExaS_Init) refers to texas.o(i.PLL_Init) for PLL_Init
    texas.o(i.TExaS_Init) refers to texas.o(i.SetCourse) for SetCourse
    texas.o(i.TExaS_Init) refers to texas.o(i.UART0_Init) for UART0_Init
    texas.o(i.TExaS_Init) refers to texas.o(i.SetCode) for SetCode
    texas.o(i.TExaS_Init) refers to texas.o(i.ADC1_Init) for ADC1_Init
    texas.o(i.TExaS_Init) refers to texas.o(.constdata) for IntroMsg
    texas.o(i.TExaS_Init) refers to texas.o(.bss) for TExaS
    texas.o(i.TExaS_Init) refers to texas.o(.data) for LastMode
    texas.o(i.Timer5A_Handler) refers to texas.o(i.ADC1_In) for ADC1_In
    texas.o(i.Timer5A_Handler) refers to texas.o(.data) for TExaS_Period
    virtualnokia5110.o(i.Nokia5110_Clear) refers to virtualnokia5110.o(i.lcdwrite) for lcdwrite
    virtualnokia5110.o(i.Nokia5110_Clear) refers to virtualnokia5110.o(i.Nokia5110_SetCursor) for Nokia5110_SetCursor
    virtualnokia5110.o(i.Nokia5110_ClearBuffer) refers to virtualnokia5110.o(.bss) for Screen
    virtualnokia5110.o(i.Nokia5110_ClearPixel) refers to virtualnokia5110.o(.bss) for Screen
    virtualnokia5110.o(i.Nokia5110_DisplayBuffer) refers to virtualnokia5110.o(i.Nokia5110_DrawFullImage) for Nokia5110_DrawFullImage
    virtualnokia5110.o(i.Nokia5110_DisplayBuffer) refers to virtualnokia5110.o(.bss) for Screen
    virtualnokia5110.o(i.Nokia5110_DrawFullImage) refers to virtualnokia5110.o(i.Nokia5110_SetCursor) for Nokia5110_SetCursor
    virtualnokia5110.o(i.Nokia5110_DrawFullImage) refers to virtualnokia5110.o(i.lcdwrite) for lcdwrite
    virtualnokia5110.o(i.Nokia5110_Init) refers to virtualnokia5110.o(i.lcdwrite) for lcdwrite
    virtualnokia5110.o(i.Nokia5110_OutChar) refers to virtualnokia5110.o(i.lcdwrite) for lcdwrite
    virtualnokia5110.o(i.Nokia5110_OutChar) refers to virtualnokia5110.o(.constdata) for ASCII
    virtualnokia5110.o(i.Nokia5110_OutString) refers to virtualnokia5110.o(i.Nokia5110_OutChar) for Nokia5110_OutChar
    virtualnokia5110.o(i.Nokia5110_OutUDec) refers to virtualnokia5110.o(i.Nokia5110_OutString) for Nokia5110_OutString
    virtualnokia5110.o(i.Nokia5110_OutUDec) refers to virtualnokia5110.o(i.Nokia5110_OutChar) for Nokia5110_OutChar
    virtualnokia5110.o(i.Nokia5110_PrintBMP) refers to virtualnokia5110.o(.bss) for Screen
    virtualnokia5110.o(i.Nokia5110_SetCursor) refers to virtualnokia5110.o(i.lcdwrite) for lcdwrite
    virtualnokia5110.o(i.Nokia5110_SetPixel) refers to virtualnokia5110.o(.bss) for Screen
    gameengine.o(i.CactusMove) refers to gameengine.o(.bss) for Cacti
    gameengine.o(i.CheckCollision) refers to switchled.o(i.Failure_LedOn) for Failure_LedOn
    gameengine.o(i.CheckCollision) refers to sound.o(i.Sound_Explosion) for Sound_Explosion
    gameengine.o(i.CheckCollision) refers to gameengine.o(.bss) for Player
    gameengine.o(i.Check_GameOver) refers to gameengine.o(.data) for Score
    gameengine.o(i.Check_GameOver) refers to gameengine.o(.bss) for Player
    gameengine.o(i.DrawCacti) refers to virtualnokia5110.o(i.Nokia5110_PrintBMP) for Nokia5110_PrintBMP
    gameengine.o(i.DrawCacti) refers to gameengine.o(.bss) for Cacti
    gameengine.o(i.DrawPlayer) refers to virtualnokia5110.o(i.Nokia5110_PrintBMP) for Nokia5110_PrintBMP
    gameengine.o(i.DrawPlayer) refers to gameengine.o(.bss) for Player
    gameengine.o(i.DrawPlayer) refers to gameengine.o(.data) for FrameCount
    gameengine.o(i.DrawPlayer) refers to gameengine.o(.constdata) for BigExplosion0
    gameengine.o(i.DrawVultures) refers to virtualnokia5110.o(i.Nokia5110_PrintBMP) for Nokia5110_PrintBMP
    gameengine.o(i.DrawVultures) refers to gameengine.o(.bss) for Vultures
    gameengine.o(i.DrawVultures) refers to gameengine.o(.data) for FrameCount
    gameengine.o(i.Draw_GameFrame) refers to virtualnokia5110.o(i.Nokia5110_ClearBuffer) for Nokia5110_ClearBuffer
    gameengine.o(i.Draw_GameFrame) refers to gameengine.o(i.SpawnCactus) for SpawnCactus
    gameengine.o(i.Draw_GameFrame) refers to gameengine.o(i.SpawnVulture) for SpawnVulture
    gameengine.o(i.Draw_GameFrame) refers to gameengine.o(i.DrawPlayer) for DrawPlayer
    gameengine.o(i.Draw_GameFrame) refers to gameengine.o(i.DrawCacti) for DrawCacti
    gameengine.o(i.Draw_GameFrame) refers to gameengine.o(i.DrawVultures) for DrawVultures
    gameengine.o(i.Draw_GameFrame) refers to gameengine.o(i.UpdateScore) for UpdateScore
    gameengine.o(i.Draw_GameFrame) refers to virtualnokia5110.o(i.Nokia5110_DisplayBuffer) for Nokia5110_DisplayBuffer
    gameengine.o(i.Game_Init) refers to gameengine.o(i.RandomDelayGenerator) for RandomDelayGenerator
    gameengine.o(i.Game_Init) refers to gameengine.o(.data) for Score
    gameengine.o(i.Game_Init) refers to gameengine.o(.bss) for Player
    gameengine.o(i.Game_Init) refers to gameengine.o(.constdata) for PlayerDino0
    gameengine.o(i.Jump) refers to gameengine.o(.bss) for Player
    gameengine.o(i.Move_ActiveObjects) refers to gameengine.o(i.PlayerMove) for PlayerMove
    gameengine.o(i.Move_ActiveObjects) refers to gameengine.o(i.CactusMove) for CactusMove
    gameengine.o(i.Move_ActiveObjects) refers to gameengine.o(i.VultureMove) for VultureMove
    gameengine.o(i.PlayerMove) refers to adc.o(i.ADC0_In) for ADC0_In
    gameengine.o(i.PlayerMove) refers to gameengine.o(i.ConvertToDistance) for ConvertToDistance
    gameengine.o(i.PlayerMove) refers to gameengine.o(.bss) for Player
    gameengine.o(i.RandomDelayGenerator) refers to random.o(.text) for Random
    gameengine.o(i.RandomGenerator) refers to random.o(.text) for Random
    gameengine.o(i.SpawnCactus) refers to gameengine.o(i.RandomDelayGenerator) for RandomDelayGenerator
    gameengine.o(i.SpawnCactus) refers to gameengine.o(.data) for CactusDelay
    gameengine.o(i.SpawnCactus) refers to gameengine.o(.bss) for Cacti
    gameengine.o(i.SpawnVulture) refers to gameengine.o(i.RandomDelayGenerator) for RandomDelayGenerator
    gameengine.o(i.SpawnVulture) refers to gameengine.o(i.RandomGenerator) for RandomGenerator
    gameengine.o(i.SpawnVulture) refers to gameengine.o(.data) for VultureDelay
    gameengine.o(i.SpawnVulture) refers to gameengine.o(.bss) for Vultures
    gameengine.o(i.State_GameOver) refers to virtualnokia5110.o(i.Nokia5110_Clear) for Nokia5110_Clear
    gameengine.o(i.State_GameOver) refers to virtualnokia5110.o(i.Nokia5110_SetCursor) for Nokia5110_SetCursor
    gameengine.o(i.State_GameOver) refers to virtualnokia5110.o(i.Nokia5110_OutString) for Nokia5110_OutString
    gameengine.o(i.State_GameOver) refers to virtualnokia5110.o(i.Nokia5110_OutUDec) for Nokia5110_OutUDec
    gameengine.o(i.State_GameOver) refers to gameengine.o(.data) for Score
    gameengine.o(i.UpdateScore) refers to gameengine.o(.data) for Time
    gameengine.o(i.VultureMove) refers to gameengine.o(.bss) for Vultures
    gameengine.o(i.remove_element_vulture) refers to rt_memcpy_w.o(.text) for __aeabi_memcpy4
    switchled.o(i.Failure_LedCount) refers to switchled.o(.data) for FailureLedCount
    switchled.o(i.Failure_LedOn) refers to switchled.o(.data) for FailureLedCount
    switchled.o(i.Switch_Jump) refers to switchled.o(.data) for PrevJump
    sound.o(i.SoundOut) refers to sound.o(.data) for Wave
    sound.o(i.Sound_Explosion) refers to sound.o(i.SoundOut) for SoundOut
    sound.o(i.Sound_Explosion) refers to sound.o(.constdata) for explosion
    sound.o(i.Sound_Init) refers to dac.o(i.DAC_Init) for DAC_Init
    sound.o(i.Sound_Init) refers to sound.o(.data) for Index
    sound.o(i.Sound_Jump) refers to sound.o(i.SoundOut) for SoundOut
    sound.o(i.Sound_Jump) refers to sound.o(.constdata) for jump
    sound.o(i.Sound_Play) refers to dac.o(i.DAC_Out) for DAC_Out
    sound.o(i.Sound_Play) refers to sound.o(.data) for SoundCount
    dinosaurrun.o(i.SysTick_Handler) refers to switchled.o(i.Switch_Jump) for Switch_Jump
    dinosaurrun.o(i.SysTick_Handler) refers to gameengine.o(i.Game_Init) for Game_Init
    dinosaurrun.o(i.SysTick_Handler) refers to gameengine.o(i.CheckCollision) for CheckCollision
    dinosaurrun.o(i.SysTick_Handler) refers to gameengine.o(i.Move_ActiveObjects) for Move_ActiveObjects
    dinosaurrun.o(i.SysTick_Handler) refers to gameengine.o(i.Jump) for Jump
    dinosaurrun.o(i.SysTick_Handler) refers to sound.o(i.Sound_Jump) for Sound_Jump
    dinosaurrun.o(i.SysTick_Handler) refers to dinosaurrun.o(.data) for GameOverFlag
    dinosaurrun.o(i.Timer2A_Handler) refers to switchled.o(i.Failure_LedCount) for Failure_LedCount
    dinosaurrun.o(i.Timer2A_Handler) refers to switchled.o(i.Failure_LedOff) for Failure_LedOff
    dinosaurrun.o(i.Timer2A_Handler) refers to dinosaurrun.o(.data) for PeriodicTask
    dinosaurrun.o(i.Timer2_Init) refers to dinosaurrun.o(.data) for PeriodicTask
    dinosaurrun.o(i.main) refers to startup.o(.text) for DisableInterrupts
    dinosaurrun.o(i.main) refers to texas.o(i.TExaS_Init) for TExaS_Init
    dinosaurrun.o(i.main) refers to random.o(.text) for Random_Init
    dinosaurrun.o(i.main) refers to virtualnokia5110.o(i.Nokia5110_Init) for Nokia5110_Init
    dinosaurrun.o(i.main) refers to dinosaurrun.o(i.PF1Init) for PF1Init
    dinosaurrun.o(i.main) refers to dinosaurrun.o(i.SysTick_Init) for SysTick_Init
    dinosaurrun.o(i.main) refers to virtualnokia5110.o(i.Nokia5110_ClearBuffer) for Nokia5110_ClearBuffer
    dinosaurrun.o(i.main) refers to virtualnokia5110.o(i.Nokia5110_DisplayBuffer) for Nokia5110_DisplayBuffer
    dinosaurrun.o(i.main) refers to adc.o(i.ADC0_Init) for ADC0_Init
    dinosaurrun.o(i.main) refers to gameengine.o(i.Game_Init) for Game_Init
    dinosaurrun.o(i.main) refers to switchled.o(i.SwitchLed_Init) for SwitchLed_Init
    dinosaurrun.o(i.main) refers to sound.o(i.Sound_Init) for Sound_Init
    dinosaurrun.o(i.main) refers to dinosaurrun.o(i.Timer2_Init) for Timer2_Init
    dinosaurrun.o(i.main) refers to gameengine.o(i.State_GameOver) for State_GameOver
    dinosaurrun.o(i.main) refers to gameengine.o(i.Draw_GameFrame) for Draw_GameFrame
    dinosaurrun.o(i.main) refers to gameengine.o(i.Check_GameOver) for Check_GameOver
    dinosaurrun.o(i.main) refers to dinosaurrun.o(i.Delay100ms) for Delay100ms
    dinosaurrun.o(i.main) refers to sound.o(i.Sound_Play) for Sound_Play
    dinosaurrun.o(i.main) refers to dinosaurrun.o(.data) for GameOverFlag
    __main.o(!!!main) refers to rtentry.o(.ARM.Collect$$rtentry$$00000000) for __rt_entry
    rtentry.o(.ARM.Collect$$rtentry$$00000000) refers (Special) to rtentry2.o(.ARM.Collect$$rtentry$$0000000A) for __rt_entry_li
    rtentry.o(.ARM.Collect$$rtentry$$00000000) refers (Special) to rtentry2.o(.ARM.Collect$$rtentry$$0000000D) for __rt_entry_main
    rtentry.o(.ARM.Collect$$rtentry$$00000000) refers (Special) to rtentry2.o(.ARM.Collect$$rtentry$$0000000C) for __rt_entry_postli_1
    rtentry.o(.ARM.Collect$$rtentry$$00000000) refers (Special) to rtentry2.o(.ARM.Collect$$rtentry$$00000009) for __rt_entry_postsh_1
    rtentry.o(.ARM.Collect$$rtentry$$00000000) refers (Special) to rtentry2.o(.ARM.Collect$$rtentry$$00000002) for __rt_entry_presh_1
    rtentry.o(.ARM.Collect$$rtentry$$00000000) refers (Special) to rtentry4.o(.ARM.Collect$$rtentry$$00000004) for __rt_entry_sh
    rtentry2.o(.ARM.Collect$$rtentry$$00000008) refers to boardinit2.o(.text) for _platform_post_stackheap_init
    rtentry2.o(.ARM.Collect$$rtentry$$0000000A) refers to libinit.o(.ARM.Collect$$libinit$$00000000) for __rt_lib_init
    rtentry2.o(.ARM.Collect$$rtentry$$0000000B) refers to boardinit3.o(.text) for _platform_post_lib_init
    rtentry2.o(.ARM.Collect$$rtentry$$0000000D) refers to dinosaurrun.o(i.main) for main
    rtentry2.o(.ARM.Collect$$rtentry$$0000000D) refers to exit.o(.text) for exit
    rtentry2.o(.ARM.exidx) refers to rtentry2.o(.ARM.Collect$$rtentry$$00000001) for .ARM.Collect$$rtentry$$00000001
    rtentry2.o(.ARM.exidx) refers to rtentry2.o(.ARM.Collect$$rtentry$$00000008) for .ARM.Collect$$rtentry$$00000008
    rtentry2.o(.ARM.exidx) refers to rtentry2.o(.ARM.Collect$$rtentry$$0000000A) for .ARM.Collect$$rtentry$$0000000A
    rtentry2.o(.ARM.exidx) refers to rtentry2.o(.ARM.Collect$$rtentry$$0000000B) for .ARM.Collect$$rtentry$$0000000B
    rtentry2.o(.ARM.exidx) refers to rtentry2.o(.ARM.Collect$$rtentry$$0000000D) for .ARM.Collect$$rtentry$$0000000D
    rtentry4.o(.ARM.Collect$$rtentry$$00000004) refers to sys_stackheap_outer.o(.text) for __user_setup_stackheap
    rtentry4.o(.ARM.exidx) refers to rtentry4.o(.ARM.Collect$$rtentry$$00000004) for .ARM.Collect$$rtentry$$00000004
    sys_stackheap_outer.o(.text) refers to libspace.o(.text) for __user_perproc_libspace
    sys_stackheap_outer.o(.text) refers to startup.o(.text) for __user_initial_stackheap
    exit.o(.text) refers to rtexit.o(.ARM.Collect$$rtexit$$00000000) for __rt_exit
    libinit.o(.ARM.Collect$$libinit$$00000000) refers (Special) to libinit2.o(.ARM.Collect$$libinit$$0000002C) for __rt_lib_init_alloca_1
    libinit.o(.ARM.Collect$$libinit$$00000000) refers (Special) to libinit2.o(.ARM.Collect$$libinit$$0000002A) for __rt_lib_init_argv_1
    libinit.o(.ARM.Collect$$libinit$$00000000) refers (Special) to libinit2.o(.ARM.Collect$$libinit$$00000019) for __rt_lib_init_atexit_1
    libinit.o(.ARM.Collect$$libinit$$00000000) refers (Special) to libinit2.o(.ARM.Collect$$libinit$$0000001F) for __rt_lib_init_clock_1
    libinit.o(.ARM.Collect$$libinit$$00000000) refers (Special) to libinit2.o(.ARM.Collect$$libinit$$00000030) for __rt_lib_init_cpp_1
    libinit.o(.ARM.Collect$$libinit$$00000000) refers (Special) to libinit2.o(.ARM.Collect$$libinit$$0000002E) for __rt_lib_init_exceptions_1
    libinit.o(.ARM.Collect$$libinit$$00000000) refers (Special) to libinit2.o(.ARM.Collect$$libinit$$00000002) for __rt_lib_init_fp_1
    libinit.o(.ARM.Collect$$libinit$$00000000) refers (Special) to libinit2.o(.ARM.Collect$$libinit$$0000001D) for __rt_lib_init_fp_trap_1
    libinit.o(.ARM.Collect$$libinit$$00000000) refers (Special) to libinit2.o(.ARM.Collect$$libinit$$00000021) for __rt_lib_init_getenv_1
    libinit.o(.ARM.Collect$$libinit$$00000000) refers (Special) to libinit2.o(.ARM.Collect$$libinit$$00000008) for __rt_lib_init_heap_1
    libinit.o(.ARM.Collect$$libinit$$00000000) refers (Special) to libinit2.o(.ARM.Collect$$libinit$$0000000F) for __rt_lib_init_lc_collate_1
    libinit.o(.ARM.Collect$$libinit$$00000000) refers (Special) to libinit2.o(.ARM.Collect$$libinit$$00000011) for __rt_lib_init_lc_ctype_1
    libinit.o(.ARM.Collect$$libinit$$00000000) refers (Special) to libinit2.o(.ARM.Collect$$libinit$$00000013) for __rt_lib_init_lc_monetary_1
    libinit.o(.ARM.Collect$$libinit$$00000000) refers (Special) to libinit2.o(.ARM.Collect$$libinit$$00000015) for __rt_lib_init_lc_numeric_1
    libinit.o(.ARM.Collect$$libinit$$00000000) refers (Special) to libinit2.o(.ARM.Collect$$libinit$$00000017) for __rt_lib_init_lc_time_1
    libinit.o(.ARM.Collect$$libinit$$00000000) refers (Special) to libinit2.o(.ARM.Collect$$libinit$$0000000C) for __rt_lib_init_rand_1
    libinit.o(.ARM.Collect$$libinit$$00000000) refers (Special) to libinit2.o(.ARM.Collect$$libinit$$00000031) for __rt_lib_init_return
    libinit.o(.ARM.Collect$$libinit$$00000000) refers (Special) to libinit2.o(.ARM.Collect$$libinit$$0000001B) for __rt_lib_init_signal_1
    libinit.o(.ARM.Collect$$libinit$$00000000) refers (Special) to libinit2.o(.ARM.Collect$$libinit$$00000023) for __rt_lib_init_stdio_1
    libinit.o(.ARM.Collect$$libinit$$00000000) refers (Special) to libinit2.o(.ARM.Collect$$libinit$$0000000A) for __rt_lib_init_user_alloc_1
    libspace.o(.text) refers to libspace.o(.bss) for __libspace_start
    rtexit.o(.ARM.Collect$$rtexit$$00000000) refers (Special) to rtexit2.o(.ARM.Collect$$rtexit$$00000004) for __rt_exit_exit
    rtexit.o(.ARM.Collect$$rtexit$$00000000) refers (Special) to rtexit2.o(.ARM.Collect$$rtexit$$00000003) for __rt_exit_ls
    rtexit.o(.ARM.Collect$$rtexit$$00000000) refers (Special) to rtexit2.o(.ARM.Collect$$rtexit$$00000002) for __rt_exit_prels_1
    rtexit.o(.ARM.exidx) refers (Special) to rtexit2.o(.ARM.Collect$$rtexit$$00000004) for __rt_exit_exit
    rtexit.o(.ARM.exidx) refers (Special) to rtexit2.o(.ARM.Collect$$rtexit$$00000003) for __rt_exit_ls
    rtexit.o(.ARM.exidx) refers (Special) to rtexit2.o(.ARM.Collect$$rtexit$$00000002) for __rt_exit_prels_1
    rtexit.o(.ARM.exidx) refers to rtexit.o(.ARM.Collect$$rtexit$$00000000) for .ARM.Collect$$rtexit$$00000000
    libinit2.o(.ARM.Collect$$libinit$$0000000E) refers to libinit2.o(.ARM.Collect$$libinit$$0000000D) for .ARM.Collect$$libinit$$0000000D
    libinit2.o(.ARM.Collect$$libinit$$00000010) refers to libinit2.o(.ARM.Collect$$libinit$$0000000D) for .ARM.Collect$$libinit$$0000000D
    libinit2.o(.ARM.Collect$$libinit$$00000012) refers to libinit2.o(.ARM.Collect$$libinit$$0000000D) for .ARM.Collect$$libinit$$0000000D
    libinit2.o(.ARM.Collect$$libinit$$00000014) refers to libinit2.o(.ARM.Collect$$libinit$$0000000D) for .ARM.Collect$$libinit$$0000000D
    libinit2.o(.ARM.Collect$$libinit$$00000016) refers to libinit2.o(.ARM.Collect$$libinit$$0000000D) for .ARM.Collect$$libinit$$0000000D
    libinit2.o(.ARM.Collect$$libinit$$00000024) refers to argv_veneer.o(.emb_text) for __ARM_argv_veneer
    libinit2.o(.ARM.Collect$$libinit$$00000025) refers to argv_veneer.o(.emb_text) for __ARM_argv_veneer
    rtexit2.o(.ARM.Collect$$rtexit$$00000003) refers to libshutdown.o(.ARM.Collect$$libshutdown$$00000000) for __rt_lib_shutdown
    rtexit2.o(.ARM.Collect$$rtexit$$00000004) refers to sys_exit.o(.text) for _sys_exit
    rtexit2.o(.ARM.exidx) refers to rtexit2.o(.ARM.Collect$$rtexit$$00000001) for .ARM.Collect$$rtexit$$00000001
    rtexit2.o(.ARM.exidx) refers to rtexit2.o(.ARM.Collect$$rtexit$$00000003) for .ARM.Collect$$rtexit$$00000003
    rtexit2.o(.ARM.exidx) refers to rtexit2.o(.ARM.Collect$$rtexit$$00000004) for .ARM.Collect$$rtexit$$00000004
    argv_veneer.o(.emb_text) refers to no_argv.o(.text) for __ARM_get_argv
    sys_exit.o(.text) refers (Special) to use_no_semi.o(.text) for __I$use$semihosting
    sys_exit.o(.text) refers (Special) to indicate_semi.o(.text) for __semihosting_library_function
    _get_argv_nomalloc.o(.text) refers (Special) to hrguard.o(.text) for __heap_region$guard
    _get_argv_nomalloc.o(.text) refers to defsig_rtmem_outer.o(.text) for __rt_SIGRTMEM
    _get_argv_nomalloc.o(.text) refers to sys_command.o(.text) for _sys_command_string
    libshutdown.o(.ARM.Collect$$libshutdown$$00000000) refers (Special) to libshutdown2.o(.ARM.Collect$$libshutdown$$00000006) for __rt_lib_shutdown_fp_trap_1
    libshutdown.o(.ARM.Collect$$libshutdown$$00000000) refers (Special) to libshutdown2.o(.ARM.Collect$$libshutdown$$0000000E) for __rt_lib_shutdown_heap_1
    libshutdown.o(.ARM.Collect$$libshutdown$$00000000) refers (Special) to libshutdown2.o(.ARM.Collect$$libshutdown$$0000000F) for __rt_lib_shutdown_return
    libshutdown.o(.ARM.Collect$$libshutdown$$00000000) refers (Special) to libshutdown2.o(.ARM.Collect$$libshutdown$$00000009) for __rt_lib_shutdown_signal_1
    libshutdown.o(.ARM.Collect$$libshutdown$$00000000) refers (Special) to libshutdown2.o(.ARM.Collect$$libshutdown$$00000003) for __rt_lib_shutdown_stdio_1
    libshutdown.o(.ARM.Collect$$libshutdown$$00000000) refers (Special) to libshutdown2.o(.ARM.Collect$$libshutdown$$0000000B) for __rt_lib_shutdown_user_alloc_1
    sys_command.o(.text) refers (Special) to use_no_semi.o(.text) for __I$use$semihosting
    sys_command.o(.text) refers (Special) to indicate_semi.o(.text) for __semihosting_library_function
    defsig_rtmem_outer.o(.text) refers to defsig_rtmem_inner.o(.text) for __rt_SIGRTMEM_inner
    defsig_rtmem_outer.o(.text) refers to defsig_exit.o(.text) for __sig_exit
    defsig_rtmem_formal.o(.text) refers to rt_raise.o(.text) for __rt_raise
    rt_raise.o(.text) refers to __raise.o(.text) for __raise
    rt_raise.o(.text) refers to sys_exit.o(.text) for _sys_exit
    defsig_exit.o(.text) refers to sys_exit.o(.text) for _sys_exit
    defsig_rtmem_inner.o(.text) refers to defsig_general.o(.text) for __default_signal_display
    __raise.o(.text) refers to defsig.o(CL$$defsig) for __default_signal_handler
    defsig_general.o(.text) refers to sys_wrch.o(.text) for _ttywrch
    sys_wrch.o(.text) refers (Special) to use_no_semi.o(.text) for __I$use$semihosting
    sys_wrch.o(.text) refers (Special) to indicate_semi.o(.text) for __semihosting_library_function
    defsig.o(CL$$defsig) refers to defsig_rtmem_inner.o(.text) for __rt_SIGRTMEM_inner
    defsig_abrt_inner.o(.text) refers to defsig_general.o(.text) for __default_signal_display
    defsig_fpe_inner.o(.text) refers to defsig_general.o(.text) for __default_signal_display
    defsig_rtred_inner.o(.text) refers to defsig_general.o(.text) for __default_signal_display
    defsig_stak_inner.o(.text) refers to defsig_general.o(.text) for __default_signal_display
    defsig_pvfn_inner.o(.text) refers to defsig_general.o(.text) for __default_signal_display
    defsig_cppl_inner.o(.text) refers to defsig_general.o(.text) for __default_signal_display
    defsig_segv_inner.o(.text) refers to defsig_general.o(.text) for __default_signal_display
    defsig_other.o(.text) refers to defsig_general.o(.text) for __default_signal_display


==============================================================================

Removing Unused input sections from the image.

    Removing texas.o(i.SetMode), (24 bytes).
    Removing texas.o(i.StartTimer4), (36 bytes).
    Removing texas.o(i.StopTimer4), (24 bytes).
    Removing texas.o(i.TExaS_Stop), (28 bytes).
    Removing texas.o(i.UART0_InChar), (24 bytes).
    Removing texas.o(i.UART0_InCharNonBlocking), (28 bytes).
    Removing texas.o(i.UART0_OutChar), (24 bytes).
    Removing texas.o(i.UART0_OutCharNonBlock), (12 bytes).
    Removing texas.o(i.copy), (18 bytes).
    Removing virtualnokia5110.o(i.Nokia5110_ClearPixel), (68 bytes).
    Removing virtualnokia5110.o(i.Nokia5110_SetPixel), (68 bytes).
    Removing gameengine.o(i.remove_element_cactus), (36 bytes).
    Removing gameengine.o(i.remove_element_vulture), (50 bytes).
    Removing dinosaurrun.o(.constdata), (480 bytes).

14 unused section(s) (total 920 bytes) removed from the image.

==============================================================================

Image Symbol Table

    Local Symbols

    Symbol Name                              Value     Ov Type        Size  Object(Section)

    RESET                                    0x00000000   Section      644  startup.o(RESET)
    ../clib/angel/boardlib.s                 0x00000000   Number         0  boardinit1.o ABSOLUTE
    ../clib/angel/boardlib.s                 0x00000000   Number         0  boardinit2.o ABSOLUTE
    ../clib/angel/boardlib.s                 0x00000000   Number         0  boardshut.o ABSOLUTE
    ../clib/angel/boardlib.s                 0x00000000   Number         0  boardinit3.o ABSOLUTE
    ../clib/angel/handlers.s                 0x00000000   Number         0  __scatter_copy.o ABSOLUTE
    ../clib/angel/handlers.s                 0x00000000   Number         0  __scatter_zi.o ABSOLUTE
    ../clib/angel/kernel.s                   0x00000000   Number         0  rtentry4.o ABSOLUTE
    ../clib/angel/kernel.s                   0x00000000   Number         0  rtentry2.o ABSOLUTE
    ../clib/angel/kernel.s                   0x00000000   Number         0  rtentry.o ABSOLUTE
    ../clib/angel/kernel.s                   0x00000000   Number         0  rtexit2.o ABSOLUTE
    ../clib/angel/kernel.s                   0x00000000   Number         0  rtexit.o ABSOLUTE
    ../clib/angel/rt.s                       0x00000000   Number         0  rt_raise.o ABSOLUTE
    ../clib/angel/scatter.s                  0x00000000   Number         0  __scatter.o ABSOLUTE
    ../clib/angel/startup.s                  0x00000000   Number         0  __main.o ABSOLUTE
    ../clib/angel/sys.s                      0x00000000   Number         0  libspace.o ABSOLUTE
    ../clib/angel/sys.s                      0x00000000   Number         0  use_no_semi.o ABSOLUTE
    ../clib/angel/sys.s                      0x00000000   Number         0  indicate_semi.o ABSOLUTE
    ../clib/angel/sys.s                      0x00000000   Number         0  sys_stackheap_outer.o ABSOLUTE
    ../clib/angel/sysapp.c                   0x00000000   Number         0  sys_wrch.o ABSOLUTE
    ../clib/angel/sysapp.c                   0x00000000   Number         0  sys_command.o ABSOLUTE
    ../clib/angel/sysapp.c                   0x00000000   Number         0  sys_exit.o ABSOLUTE
    ../clib/armsys.c                         0x00000000   Number         0  argv_veneer.o ABSOLUTE
    ../clib/armsys.c                         0x00000000   Number         0  argv_veneer.o ABSOLUTE
    ../clib/armsys.c                         0x00000000   Number         0  _get_argv_nomalloc.o ABSOLUTE
    ../clib/armsys.c                         0x00000000   Number         0  no_argv.o ABSOLUTE
    ../clib/heapalloc.c                      0x00000000   Number         0  hrguard.o ABSOLUTE
    ../clib/heapaux.c                        0x00000000   Number         0  heapauxi.o ABSOLUTE
    ../clib/libinit.s                        0x00000000   Number         0  libshutdown2.o ABSOLUTE
    ../clib/libinit.s                        0x00000000   Number         0  libshutdown.o ABSOLUTE
    ../clib/libinit.s                        0x00000000   Number         0  libinit2.o ABSOLUTE
    ../clib/libinit.s                        0x00000000   Number         0  libinit.o ABSOLUTE
    ../clib/memcpset.s                       0x00000000   Number         0  rt_memcpy_w.o ABSOLUTE
    ../clib/signal.c                         0x00000000   Number         0  defsig_rtmem_outer.o ABSOLUTE
    ../clib/signal.c                         0x00000000   Number         0  __raise.o ABSOLUTE
    ../clib/signal.c                         0x00000000   Number         0  defsig_rtred_inner.o ABSOLUTE
    ../clib/signal.c                         0x00000000   Number         0  defsig_other.o ABSOLUTE
    ../clib/signal.c                         0x00000000   Number         0  defsig_segv_inner.o ABSOLUTE
    ../clib/signal.c                         0x00000000   Number         0  defsig_cppl_inner.o ABSOLUTE
    ../clib/signal.c                         0x00000000   Number         0  defsig_pvfn_inner.o ABSOLUTE
    ../clib/signal.c                         0x00000000   Number         0  defsig_general.o ABSOLUTE
    ../clib/signal.c                         0x00000000   Number         0  defsig_rtmem_formal.o ABSOLUTE
    ../clib/signal.c                         0x00000000   Number         0  defsig_rtmem_inner.o ABSOLUTE
    ../clib/signal.c                         0x00000000   Number         0  defsig_stak_inner.o ABSOLUTE
    ../clib/signal.c                         0x00000000   Number         0  defsig_exit.o ABSOLUTE
    ../clib/signal.c                         0x00000000   Number         0  defsig_abrt_inner.o ABSOLUTE
    ../clib/signal.c                         0x00000000   Number         0  defsig_fpe_inner.o ABSOLUTE
    ../clib/signal.s                         0x00000000   Number         0  defsig.o ABSOLUTE
    ../clib/stdlib.c                         0x00000000   Number         0  exit.o ABSOLUTE
    ../fplib/fpinit.s                        0x00000000   Number         0  fpinit.o ABSOLUTE
    ADC.c                                    0x00000000   Number         0  adc.o ABSOLUTE
    DAC.c                                    0x00000000   Number         0  dac.o ABSOLUTE
    DinosaurRun.c                            0x00000000   Number         0  dinosaurrun.o ABSOLUTE
    GameEngine.c                             0x00000000   Number         0  gameengine.o ABSOLUTE
    Sound.c                                  0x00000000   Number         0  sound.o ABSOLUTE
    SwitchLED.c                              0x00000000   Number         0  switchled.o ABSOLUTE
    TExaS.c                                  0x00000000   Number         0  texas.o ABSOLUTE
    VirtualNokia5110.c                       0x00000000   Number         0  virtualnokia5110.o ABSOLUTE
    dc.s                                     0x00000000   Number         0  dc.o ABSOLUTE
    random.s                                 0x00000000   Number         0  random.o ABSOLUTE
    startup.s                                0x00000000   Number         0  startup.o ABSOLUTE
    !!!main                                  0x00000284   Section        8  __main.o(!!!main)
    !!!scatter                               0x0000028c   Section       52  __scatter.o(!!!scatter)
    !!handler_copy                           0x000002c0   Section       26  __scatter_copy.o(!!handler_copy)
    !!handler_zi                             0x000002dc   Section       28  __scatter_zi.o(!!handler_zi)
    .ARM.Collect$$libinit$$00000000          0x000002f8   Section        2  libinit.o(.ARM.Collect$$libinit$$00000000)
    .ARM.Collect$$libinit$$00000002          0x000002fa   Section        0  libinit2.o(.ARM.Collect$$libinit$$00000002)
    .ARM.Collect$$libinit$$00000008          0x000002fa   Section        0  libinit2.o(.ARM.Collect$$libinit$$00000008)
    .ARM.Collect$$libinit$$0000000A          0x000002fa   Section        0  libinit2.o(.ARM.Collect$$libinit$$0000000A)
    .ARM.Collect$$libinit$$0000000C          0x000002fa   Section        0  libinit2.o(.ARM.Collect$$libinit$$0000000C)
    .ARM.Collect$$libinit$$0000000F          0x000002fa   Section        0  libinit2.o(.ARM.Collect$$libinit$$0000000F)
    .ARM.Collect$$libinit$$00000011          0x000002fa   Section        0  libinit2.o(.ARM.Collect$$libinit$$00000011)
    .ARM.Collect$$libinit$$00000013          0x000002fa   Section        0  libinit2.o(.ARM.Collect$$libinit$$00000013)
    .ARM.Collect$$libinit$$00000015          0x000002fa   Section        0  libinit2.o(.ARM.Collect$$libinit$$00000015)
    .ARM.Collect$$libinit$$00000017          0x000002fa   Section        0  libinit2.o(.ARM.Collect$$libinit$$00000017)
    .ARM.Collect$$libinit$$00000019          0x000002fa   Section        0  libinit2.o(.ARM.Collect$$libinit$$00000019)
    .ARM.Collect$$libinit$$0000001B          0x000002fa   Section        0  libinit2.o(.ARM.Collect$$libinit$$0000001B)
    .ARM.Collect$$libinit$$0000001D          0x000002fa   Section        0  libinit2.o(.ARM.Collect$$libinit$$0000001D)
    .ARM.Collect$$libinit$$0000001F          0x000002fa   Section        0  libinit2.o(.ARM.Collect$$libinit$$0000001F)
    .ARM.Collect$$libinit$$00000021          0x000002fa   Section        0  libinit2.o(.ARM.Collect$$libinit$$00000021)
    .ARM.Collect$$libinit$$00000023          0x000002fa   Section        0  libinit2.o(.ARM.Collect$$libinit$$00000023)
    .ARM.Collect$$libinit$$0000002A          0x000002fa   Section        0  libinit2.o(.ARM.Collect$$libinit$$0000002A)
    .ARM.Collect$$libinit$$0000002C          0x000002fa   Section        0  libinit2.o(.ARM.Collect$$libinit$$0000002C)
    .ARM.Collect$$libinit$$0000002E          0x000002fa   Section        0  libinit2.o(.ARM.Collect$$libinit$$0000002E)
    .ARM.Collect$$libinit$$00000030          0x000002fa   Section        0  libinit2.o(.ARM.Collect$$libinit$$00000030)
    .ARM.Collect$$libinit$$00000031          0x000002fa   Section        2  libinit2.o(.ARM.Collect$$libinit$$00000031)
    .ARM.Collect$$libshutdown$$00000000      0x000002fc   Section        2  libshutdown.o(.ARM.Collect$$libshutdown$$00000000)
    .ARM.Collect$$libshutdown$$00000003      0x000002fe   Section        0  libshutdown2.o(.ARM.Collect$$libshutdown$$00000003)
    .ARM.Collect$$libshutdown$$00000006      0x000002fe   Section        0  libshutdown2.o(.ARM.Collect$$libshutdown$$00000006)
    .ARM.Collect$$libshutdown$$00000009      0x000002fe   Section        0  libshutdown2.o(.ARM.Collect$$libshutdown$$00000009)
    .ARM.Collect$$libshutdown$$0000000B      0x000002fe   Section        0  libshutdown2.o(.ARM.Collect$$libshutdown$$0000000B)
    .ARM.Collect$$libshutdown$$0000000E      0x000002fe   Section        0  libshutdown2.o(.ARM.Collect$$libshutdown$$0000000E)
    .ARM.Collect$$libshutdown$$0000000F      0x000002fe   Section        2  libshutdown2.o(.ARM.Collect$$libshutdown$$0000000F)
    .ARM.Collect$$rtentry$$00000000          0x00000300   Section        0  rtentry.o(.ARM.Collect$$rtentry$$00000000)
    .ARM.Collect$$rtentry$$00000002          0x00000300   Section        0  rtentry2.o(.ARM.Collect$$rtentry$$00000002)
    .ARM.Collect$$rtentry$$00000004          0x00000300   Section        6  rtentry4.o(.ARM.Collect$$rtentry$$00000004)
    .ARM.Collect$$rtentry$$00000009          0x00000306   Section        0  rtentry2.o(.ARM.Collect$$rtentry$$00000009)
    .ARM.Collect$$rtentry$$0000000A          0x00000306   Section        4  rtentry2.o(.ARM.Collect$$rtentry$$0000000A)
    .ARM.Collect$$rtentry$$0000000C          0x0000030a   Section        0  rtentry2.o(.ARM.Collect$$rtentry$$0000000C)
    .ARM.Collect$$rtentry$$0000000D          0x0000030a   Section        8  rtentry2.o(.ARM.Collect$$rtentry$$0000000D)
    .ARM.Collect$$rtexit$$00000000           0x00000312   Section        2  rtexit.o(.ARM.Collect$$rtexit$$00000000)
    .ARM.Collect$$rtexit$$00000002           0x00000314   Section        0  rtexit2.o(.ARM.Collect$$rtexit$$00000002)
    .ARM.Collect$$rtexit$$00000003           0x00000314   Section        4  rtexit2.o(.ARM.Collect$$rtexit$$00000003)
    .ARM.Collect$$rtexit$$00000004           0x00000318   Section        6  rtexit2.o(.ARM.Collect$$rtexit$$00000004)
    .text                                    0x00000320   Section       48  startup.o(.text)
    .text                                    0x00000350   Section       36  random.o(.text)
    .text                                    0x00000374   Section        0  heapauxi.o(.text)
    .text                                    0x0000037a   Section       74  sys_stackheap_outer.o(.text)
    .text                                    0x000003c4   Section        0  exit.o(.text)
    .text                                    0x000003d0   Section        8  libspace.o(.text)
    .text                                    0x000003d8   Section        0  sys_exit.o(.text)
    .text                                    0x000003e4   Section        2  use_no_semi.o(.text)
    .text                                    0x000003e6   Section        0  indicate_semi.o(.text)
    i.ADC0_In                                0x000003e8   Section        0  adc.o(i.ADC0_In)
    i.ADC0_Init                              0x00000414   Section        0  adc.o(i.ADC0_Init)
    i.ADC1_In                                0x000004e4   Section        0  texas.o(i.ADC1_In)
    i.ADC1_Init                              0x000004f0   Section        0  texas.o(i.ADC1_Init)
    i.CactusMove                             0x000005c4   Section        0  gameengine.o(i.CactusMove)
    i.CheckCollision                         0x00000600   Section        0  gameengine.o(i.CheckCollision)
    i.Check_GameOver                         0x00000720   Section        0  gameengine.o(i.Check_GameOver)
    i.ConvertToDistance                      0x00000740   Section        0  gameengine.o(i.ConvertToDistance)
    i.DAC_Init                               0x0000074c   Section        0  dac.o(i.DAC_Init)
    i.DAC_Out                                0x000007ac   Section        0  dac.o(i.DAC_Out)
    i.Delay100ms                             0x000007b8   Section        0  dinosaurrun.o(i.Delay100ms)
    i.DrawCacti                              0x000007dc   Section        0  gameengine.o(i.DrawCacti)
    i.DrawPlayer                             0x0000081c   Section        0  gameengine.o(i.DrawPlayer)
    i.DrawVultures                           0x00000868   Section        0  gameengine.o(i.DrawVultures)
    i.Draw_GameFrame                         0x000008c0   Section        0  gameengine.o(i.Draw_GameFrame)
    i.Failure_LedCount                       0x000008e4   Section        0  switchled.o(i.Failure_LedCount)
    i.Failure_LedOff                         0x00000900   Section        0  switchled.o(i.Failure_LedOff)
    i.Failure_LedOn                          0x00000918   Section        0  switchled.o(i.Failure_LedOn)
    i.Game_Init                              0x00000938   Section        0  gameengine.o(i.Game_Init)
    i.Jump                                   0x00000a20   Section        0  gameengine.o(i.Jump)
    i.Move_ActiveObjects                     0x00000a38   Section        0  gameengine.o(i.Move_ActiveObjects)
    i.Nokia5110_Clear                        0x00000a48   Section        0  virtualnokia5110.o(i.Nokia5110_Clear)
    i.Nokia5110_ClearBuffer                  0x00000a68   Section        0  virtualnokia5110.o(i.Nokia5110_ClearBuffer)
    i.Nokia5110_DisplayBuffer                0x00000a80   Section        0  virtualnokia5110.o(i.Nokia5110_DisplayBuffer)
    i.Nokia5110_DrawFullImage                0x00000a90   Section        0  virtualnokia5110.o(i.Nokia5110_DrawFullImage)
    i.Nokia5110_Init                         0x00000ab4   Section        0  virtualnokia5110.o(i.Nokia5110_Init)
    i.Nokia5110_OutChar                      0x00000c20   Section        0  virtualnokia5110.o(i.Nokia5110_OutChar)
    i.Nokia5110_OutString                    0x00000c58   Section        0  virtualnokia5110.o(i.Nokia5110_OutString)
    i.Nokia5110_OutUDec                      0x00000c70   Section        0  virtualnokia5110.o(i.Nokia5110_OutUDec)
    i.Nokia5110_PrintBMP                     0x00000e0c   Section        0  virtualnokia5110.o(i.Nokia5110_PrintBMP)
    i.Nokia5110_SetCursor                    0x00000fb4   Section        0  virtualnokia5110.o(i.Nokia5110_SetCursor)
    i.PF1Init                                0x00000fe4   Section        0  dinosaurrun.o(i.PF1Init)
    i.PLL_Init                               0x00001054   Section        0  texas.o(i.PLL_Init)
    i.PlayerMove                             0x000010d0   Section        0  gameengine.o(i.PlayerMove)
    i.RandomDelayGenerator                   0x0000111c   Section        0  gameengine.o(i.RandomDelayGenerator)
    i.RandomGenerator                        0x00001130   Section        0  gameengine.o(i.RandomGenerator)
    i.SetCode                                0x00001144   Section        0  texas.o(i.SetCode)
    i.SetCourse                              0x0000115c   Section        0  texas.o(i.SetCourse)
    i.SoundOut                               0x00001174   Section        0  sound.o(i.SoundOut)
    i.Sound_Explosion                        0x00001190   Section        0  sound.o(i.Sound_Explosion)
    i.Sound_Init                             0x000011a4   Section        0  sound.o(i.Sound_Init)
    i.Sound_Jump                             0x000011c0   Section        0  sound.o(i.Sound_Jump)
    i.Sound_Play                             0x000011d4   Section        0  sound.o(i.Sound_Play)
    i.SpawnCactus                            0x00001218   Section        0  gameengine.o(i.SpawnCactus)
    i.SpawnVulture                           0x00001278   Section        0  gameengine.o(i.SpawnVulture)
    i.State_GameOver                         0x00001300   Section        0  gameengine.o(i.State_GameOver)
    i.SwitchLed_Init                         0x000013b8   Section        0  switchled.o(i.SwitchLed_Init)
    i.Switch_Jump                            0x00001474   Section        0  switchled.o(i.Switch_Jump)
    i.SysTick_Handler                        0x000014a0   Section        0  dinosaurrun.o(i.SysTick_Handler)
    i.SysTick_Init                           0x000014f8   Section        0  dinosaurrun.o(i.SysTick_Init)
    i.TExaS_Init                             0x00001528   Section        0  texas.o(i.TExaS_Init)
    i.Timer2A_Handler                        0x000016ec   Section        0  dinosaurrun.o(i.Timer2A_Handler)
    i.Timer2_Init                            0x00001710   Section        0  dinosaurrun.o(i.Timer2_Init)
    i.Timer4A_Handler                        0x00001778   Section        0  texas.o(i.Timer4A_Handler)
    i.Timer5A_Handler                        0x00001798   Section        0  texas.o(i.Timer5A_Handler)
    i.UART0_Init                             0x000017c8   Section        0  texas.o(i.UART0_Init)
    i.UpdateScore                            0x00001888   Section        0  gameengine.o(i.UpdateScore)
    i.VultureMove                            0x000018c8   Section        0  gameengine.o(i.VultureMove)
    i.lcdwrite                               0x00001914   Section        0  virtualnokia5110.o(i.lcdwrite)
    lcdwrite                                 0x00001915   Thumb Code    66  virtualnokia5110.o(i.lcdwrite)
    i.main                                   0x00001960   Section        0  dinosaurrun.o(i.main)
    .constdata                               0x00001a00   Section      360  texas.o(.constdata)
    .constdata                               0x00001b68   Section      480  virtualnokia5110.o(.constdata)
    ASCII                                    0x00001b68   Data         480  virtualnokia5110.o(.constdata)
    .constdata                               0x00001d48   Section     2176  gameengine.o(.constdata)
    ASCII                                    0x00001d48   Data         480  gameengine.o(.constdata)
    .constdata                               0x000025c8   Section     2982  sound.o(.constdata)
    .data                                    0x20000000   Section       52  texas.o(.data)
    .data                                    0x20000034   Section       22  gameengine.o(.data)
    .data                                    0x2000004c   Section       16  switchled.o(.data)
    .data                                    0x2000005c   Section       12  sound.o(.data)
    .data                                    0x20000068   Section        9  dinosaurrun.o(.data)
    DATA                                     0x20000074   Section        4  random.o(DATA)
    M                                        0x20000074   Data           4  random.o(DATA)
    .bss                                     0x20000078   Section       56  texas.o(.bss)
    .bss                                     0x200000b0   Section      504  virtualnokia5110.o(.bss)
    .bss                                     0x200002a8   Section       88  gameengine.o(.bss)
    .bss                                     0x20000300   Section       96  libspace.o(.bss)
    HEAP                                     0x20000360   Section        0  startup.o(HEAP)
    STACK                                    0x20000360   Section     1024  startup.o(STACK)
    HeapMem                                  0x20000360   Data           0  startup.o(HEAP)
    StackMem                                 0x20000360   Data           0  startup.o(STACK)

    Global Symbols

    Symbol Name                              Value     Ov Type        Size  Object(Section)

    BuildAttributes$$THM_ISAv4$E$P$D$K$B$S$7EM$PE$A:L22UL41UL21$X:L11$S22US41US21$IEEE1$IW$USESV6$~STKCKD$USESV7$~SHL$OSPACE$ROPI$EBA8$UX$STANDARDLIB$REQ8$PRES8$EABIv2 0x00000000   Number         0  anon$$obj.o ABSOLUTE
    __ARM_use_no_argv                        0x00000000   Number         0  dinosaurrun.o ABSOLUTE
    __Vectors                                0x00000000   Data           0  startup.o(RESET)
    __ARM_exceptions_init                     - Undefined Weak Reference
    __alloca_initialize                       - Undefined Weak Reference
    __cpp_initialize__aeabi_                  - Undefined Weak Reference
    __cxa_finalize                            - Undefined Weak Reference
    __rt_locale                               - Undefined Weak Reference
    __sigvec_lookup                           - Undefined Weak Reference
    _atexit_init                              - Undefined Weak Reference
    _call_atexit_fns                          - Undefined Weak Reference
    _clock_init                               - Undefined Weak Reference
    _fp_trap_init                             - Undefined Weak Reference
    _fp_trap_shutdown                         - Undefined Weak Reference
    _get_lc_collate                           - Undefined Weak Reference
    _get_lc_ctype                             - Undefined Weak Reference
    _get_lc_monetary                          - Undefined Weak Reference
    _get_lc_numeric                           - Undefined Weak Reference
    _get_lc_time                              - Undefined Weak Reference
    _getenv_init                              - Undefined Weak Reference
    _handle_redirection                       - Undefined Weak Reference
    _init_alloc                               - Undefined Weak Reference
    _init_user_alloc                          - Undefined Weak Reference
    _initio                                   - Undefined Weak Reference
    _rand_init                                - Undefined Weak Reference
    _signal_finish                            - Undefined Weak Reference
    _signal_init                              - Undefined Weak Reference
    _terminate_alloc                          - Undefined Weak Reference
    _terminate_user_alloc                     - Undefined Weak Reference
    _terminateio                              - Undefined Weak Reference
    Reset_Handler                            0x0000026d   Thumb Code     0  startup.o(RESET)
    NMI_Handler                              0x00000271   Thumb Code     2  startup.o(RESET)
    HardFault_Handler                        0x00000273   Thumb Code     2  startup.o(RESET)
    MemManage_Handler                        0x00000275   Thumb Code     2  startup.o(RESET)
    BusFault_Handler                         0x00000277   Thumb Code     2  startup.o(RESET)
    UsageFault_Handler                       0x00000279   Thumb Code     2  startup.o(RESET)
    SVC_Handler                              0x0000027b   Thumb Code     2  startup.o(RESET)
    DebugMon_Handler                         0x0000027d   Thumb Code     2  startup.o(RESET)
    PendSV_Handler                           0x0000027f   Thumb Code     2  startup.o(RESET)
    ADC0Seq0_Handler                         0x00000283   Thumb Code     0  startup.o(RESET)
    ADC0Seq1_Handler                         0x00000283   Thumb Code     0  startup.o(RESET)
    ADC0Seq2_Handler                         0x00000283   Thumb Code     0  startup.o(RESET)
    ADC0Seq3_Handler                         0x00000283   Thumb Code     0  startup.o(RESET)
    ADC1Seq0_Handler                         0x00000283   Thumb Code     0  startup.o(RESET)
    ADC1Seq1_Handler                         0x00000283   Thumb Code     0  startup.o(RESET)
    ADC1Seq2_Handler                         0x00000283   Thumb Code     0  startup.o(RESET)
    ADC1Seq3_Handler                         0x00000283   Thumb Code     0  startup.o(RESET)
    CAN0_Handler                             0x00000283   Thumb Code     0  startup.o(RESET)
    CAN1_Handler                             0x00000283   Thumb Code     0  startup.o(RESET)
    CAN2_Handler                             0x00000283   Thumb Code     0  startup.o(RESET)
    Comp0_Handler                            0x00000283   Thumb Code     0  startup.o(RESET)
    Comp1_Handler                            0x00000283   Thumb Code     0  startup.o(RESET)
    Comp2_Handler                            0x00000283   Thumb Code     0  startup.o(RESET)
    Ethernet_Handler                         0x00000283   Thumb Code     0  startup.o(RESET)
    ExtBus_Handler                           0x00000283   Thumb Code     0  startup.o(RESET)
    FPU_Handler                              0x00000283   Thumb Code     0  startup.o(RESET)
    Fan0_Handler                             0x00000283   Thumb Code     0  startup.o(RESET)
    FlashCtl_Handler                         0x00000283   Thumb Code     0  startup.o(RESET)
    GPIOPortA_Handler                        0x00000283   Thumb Code     0  startup.o(RESET)
    GPIOPortB_Handler                        0x00000283   Thumb Code     0  startup.o(RESET)
    GPIOPortC_Handler                        0x00000283   Thumb Code     0  startup.o(RESET)
    GPIOPortD_Handler                        0x00000283   Thumb Code     0  startup.o(RESET)
    GPIOPortE_Handler                        0x00000283   Thumb Code     0  startup.o(RESET)
    GPIOPortF_Handler                        0x00000283   Thumb Code     0  startup.o(RESET)
    GPIOPortG_Handler                        0x00000283   Thumb Code     0  startup.o(RESET)
    GPIOPortH_Handler                        0x00000283   Thumb Code     0  startup.o(RESET)
    GPIOPortJ_Handler                        0x00000283   Thumb Code     0  startup.o(RESET)
    GPIOPortK_Handler                        0x00000283   Thumb Code     0  startup.o(RESET)
    GPIOPortL_Handler                        0x00000283   Thumb Code     0  startup.o(RESET)
    GPIOPortM_Handler                        0x00000283   Thumb Code     0  startup.o(RESET)
    GPIOPortN_Handler                        0x00000283   Thumb Code     0  startup.o(RESET)
    GPIOPortP1_Handler                       0x00000283   Thumb Code     0  startup.o(RESET)
    GPIOPortP2_Handler                       0x00000283   Thumb Code     0  startup.o(RESET)
    GPIOPortP3_Handler                       0x00000283   Thumb Code     0  startup.o(RESET)
    GPIOPortP4_Handler                       0x00000283   Thumb Code     0  startup.o(RESET)
    GPIOPortP5_Handler                       0x00000283   Thumb Code     0  startup.o(RESET)
    GPIOPortP6_Handler                       0x00000283   Thumb Code     0  startup.o(RESET)
    GPIOPortP7_Handler                       0x00000283   Thumb Code     0  startup.o(RESET)
    GPIOPortP_Handler                        0x00000283   Thumb Code     0  startup.o(RESET)
    GPIOPortQ1_Handler                       0x00000283   Thumb Code     0  startup.o(RESET)
    GPIOPortQ2_Handler                       0x00000283   Thumb Code     0  startup.o(RESET)
    GPIOPortQ3_Handler                       0x00000283   Thumb Code     0  startup.o(RESET)
    GPIOPortQ4_Handler                       0x00000283   Thumb Code     0  startup.o(RESET)
    GPIOPortQ5_Handler                       0x00000283   Thumb Code     0  startup.o(RESET)
    GPIOPortQ6_Handler                       0x00000283   Thumb Code     0  startup.o(RESET)
    GPIOPortQ7_Handler                       0x00000283   Thumb Code     0  startup.o(RESET)
    GPIOPortQ_Handler                        0x00000283   Thumb Code     0  startup.o(RESET)
    GPIOPortR_Handler                        0x00000283   Thumb Code     0  startup.o(RESET)
    GPIOPortS_Handler                        0x00000283   Thumb Code     0  startup.o(RESET)
    Hibernate_Handler                        0x00000283   Thumb Code     0  startup.o(RESET)
    I2C0_Handler                             0x00000283   Thumb Code     0  startup.o(RESET)
    I2C1_Handler                             0x00000283   Thumb Code     0  startup.o(RESET)
    I2C2_Handler                             0x00000283   Thumb Code     0  startup.o(RESET)
    I2C3_Handler                             0x00000283   Thumb Code     0  startup.o(RESET)
    I2C4_Handler                             0x00000283   Thumb Code     0  startup.o(RESET)
    I2C5_Handler                             0x00000283   Thumb Code     0  startup.o(RESET)
    I2S0_Handler                             0x00000283   Thumb Code     0  startup.o(RESET)
    LPC0_Handler                             0x00000283   Thumb Code     0  startup.o(RESET)
    PECI0_Handler                            0x00000283   Thumb Code     0  startup.o(RESET)
    PWM0Fault_Handler                        0x00000283   Thumb Code     0  startup.o(RESET)
    PWM0Generator0_Handler                   0x00000283   Thumb Code     0  startup.o(RESET)
    PWM0Generator1_Handler                   0x00000283   Thumb Code     0  startup.o(RESET)
    PWM0Generator2_Handler                   0x00000283   Thumb Code     0  startup.o(RESET)
    PWM0Generator3_Handler                   0x00000283   Thumb Code     0  startup.o(RESET)
    PWM1Fault_Handler                        0x00000283   Thumb Code     0  startup.o(RESET)
    PWM1Generator0_Handler                   0x00000283   Thumb Code     0  startup.o(RESET)
    PWM1Generator1_Handler                   0x00000283   Thumb Code     0  startup.o(RESET)
    PWM1Generator2_Handler                   0x00000283   Thumb Code     0  startup.o(RESET)
    PWM1Generator3_Handler                   0x00000283   Thumb Code     0  startup.o(RESET)
    Quadrature0_Handler                      0x00000283   Thumb Code     0  startup.o(RESET)
    Quadrature1_Handler                      0x00000283   Thumb Code     0  startup.o(RESET)
    Quadrature2_Handler                      0x00000283   Thumb Code     0  startup.o(RESET)
    SSI0_Handler                             0x00000283   Thumb Code     0  startup.o(RESET)
    SSI1_Handler                             0x00000283   Thumb Code     0  startup.o(RESET)
    SSI2_Handler                             0x00000283   Thumb Code     0  startup.o(RESET)
    SSI3_Handler                             0x00000283   Thumb Code     0  startup.o(RESET)
    SysCtl_Handler                           0x00000283   Thumb Code     0  startup.o(RESET)
    Timer0A_Handler                          0x00000283   Thumb Code     0  startup.o(RESET)
    Timer0B_Handler                          0x00000283   Thumb Code     0  startup.o(RESET)
    Timer1A_Handler                          0x00000283   Thumb Code     0  startup.o(RESET)
    Timer1B_Handler                          0x00000283   Thumb Code     0  startup.o(RESET)
    Timer2B_Handler                          0x00000283   Thumb Code     0  startup.o(RESET)
    Timer3A_Handler                          0x00000283   Thumb Code     0  startup.o(RESET)
    Timer3B_Handler                          0x00000283   Thumb Code     0  startup.o(RESET)
    Timer4B_Handler                          0x00000283   Thumb Code     0  startup.o(RESET)
    Timer5B_Handler                          0x00000283   Thumb Code     0  startup.o(RESET)
    UART0_Handler                            0x00000283   Thumb Code     0  startup.o(RESET)
    UART1_Handler                            0x00000283   Thumb Code     0  startup.o(RESET)
    UART2_Handler                            0x00000283   Thumb Code     0  startup.o(RESET)
    UART3_Handler                            0x00000283   Thumb Code     0  startup.o(RESET)
    UART4_Handler                            0x00000283   Thumb Code     0  startup.o(RESET)
    UART5_Handler                            0x00000283   Thumb Code     0  startup.o(RESET)
    UART6_Handler                            0x00000283   Thumb Code     0  startup.o(RESET)
    UART7_Handler                            0x00000283   Thumb Code     0  startup.o(RESET)
    USB0_Handler                             0x00000283   Thumb Code     0  startup.o(RESET)
    WDT_Handler                              0x00000283   Thumb Code     0  startup.o(RESET)
    WideTimer0A_Handler                      0x00000283   Thumb Code     0  startup.o(RESET)
    WideTimer0B_Handler                      0x00000283   Thumb Code     0  startup.o(RESET)
    WideTimer1A_Handler                      0x00000283   Thumb Code     0  startup.o(RESET)
    WideTimer1B_Handler                      0x00000283   Thumb Code     0  startup.o(RESET)
    WideTimer2A_Handler                      0x00000283   Thumb Code     0  startup.o(RESET)
    WideTimer2B_Handler                      0x00000283   Thumb Code     0  startup.o(RESET)
    WideTimer3A_Handler                      0x00000283   Thumb Code     0  startup.o(RESET)
    WideTimer3B_Handler                      0x00000283   Thumb Code     0  startup.o(RESET)
    WideTimer4A_Handler                      0x00000283   Thumb Code     0  startup.o(RESET)
    WideTimer4B_Handler                      0x00000283   Thumb Code     0  startup.o(RESET)
    WideTimer5A_Handler                      0x00000283   Thumb Code     0  startup.o(RESET)
    WideTimer5B_Handler                      0x00000283   Thumb Code     0  startup.o(RESET)
    uDMA_Error                               0x00000283   Thumb Code     0  startup.o(RESET)
    uDMA_Handler                             0x00000283   Thumb Code     0  startup.o(RESET)
    __main                                   0x00000285   Thumb Code     8  __main.o(!!!main)
    __scatterload                            0x0000028d   Thumb Code     0  __scatter.o(!!!scatter)
    __scatterload_rt2                        0x0000028d   Thumb Code    44  __scatter.o(!!!scatter)
    __scatterload_rt2_thumb_only             0x0000028d   Thumb Code     0  __scatter.o(!!!scatter)
    __scatterload_null                       0x0000029b   Thumb Code     0  __scatter.o(!!!scatter)
    __scatterload_copy                       0x000002c1   Thumb Code    26  __scatter_copy.o(!!handler_copy)
    __scatterload_zeroinit                   0x000002dd   Thumb Code    28  __scatter_zi.o(!!handler_zi)
    __rt_lib_init                            0x000002f9   Thumb Code     0  libinit.o(.ARM.Collect$$libinit$$00000000)
    __rt_lib_init_alloca_1                   0x000002fb   Thumb Code     0  libinit2.o(.ARM.Collect$$libinit$$0000002C)
    __rt_lib_init_argv_1                     0x000002fb   Thumb Code     0  libinit2.o(.ARM.Collect$$libinit$$0000002A)
    __rt_lib_init_atexit_1                   0x000002fb   Thumb Code     0  libinit2.o(.ARM.Collect$$libinit$$00000019)
    __rt_lib_init_clock_1                    0x000002fb   Thumb Code     0  libinit2.o(.ARM.Collect$$libinit$$0000001F)
    __rt_lib_init_cpp_1                      0x000002fb   Thumb Code     0  libinit2.o(.ARM.Collect$$libinit$$00000030)
    __rt_lib_init_exceptions_1               0x000002fb   Thumb Code     0  libinit2.o(.ARM.Collect$$libinit$$0000002E)
    __rt_lib_init_fp_1                       0x000002fb   Thumb Code     0  libinit2.o(.ARM.Collect$$libinit$$00000002)
    __rt_lib_init_fp_trap_1                  0x000002fb   Thumb Code     0  libinit2.o(.ARM.Collect$$libinit$$0000001D)
    __rt_lib_init_getenv_1                   0x000002fb   Thumb Code     0  libinit2.o(.ARM.Collect$$libinit$$00000021)
    __rt_lib_init_heap_1                     0x000002fb   Thumb Code     0  libinit2.o(.ARM.Collect$$libinit$$00000008)
    __rt_lib_init_lc_collate_1               0x000002fb   Thumb Code     0  libinit2.o(.ARM.Collect$$libinit$$0000000F)
    __rt_lib_init_lc_ctype_1                 0x000002fb   Thumb Code     0  libinit2.o(.ARM.Collect$$libinit$$00000011)
    __rt_lib_init_lc_monetary_1              0x000002fb   Thumb Code     0  libinit2.o(.ARM.Collect$$libinit$$00000013)
    __rt_lib_init_lc_numeric_1               0x000002fb   Thumb Code     0  libinit2.o(.ARM.Collect$$libinit$$00000015)
    __rt_lib_init_lc_time_1                  0x000002fb   Thumb Code     0  libinit2.o(.ARM.Collect$$libinit$$00000017)
    __rt_lib_init_rand_1                     0x000002fb   Thumb Code     0  libinit2.o(.ARM.Collect$$libinit$$0000000C)
    __rt_lib_init_return                     0x000002fb   Thumb Code     0  libinit2.o(.ARM.Collect$$libinit$$00000031)
    __rt_lib_init_signal_1                   0x000002fb   Thumb Code     0  libinit2.o(.ARM.Collect$$libinit$$0000001B)
    __rt_lib_init_stdio_1                    0x000002fb   Thumb Code     0  libinit2.o(.ARM.Collect$$libinit$$00000023)
    __rt_lib_init_user_alloc_1               0x000002fb   Thumb Code     0  libinit2.o(.ARM.Collect$$libinit$$0000000A)
    __rt_lib_shutdown                        0x000002fd   Thumb Code     0  libshutdown.o(.ARM.Collect$$libshutdown$$00000000)
    __rt_lib_shutdown_fp_trap_1              0x000002ff   Thumb Code     0  libshutdown2.o(.ARM.Collect$$libshutdown$$00000006)
    __rt_lib_shutdown_heap_1                 0x000002ff   Thumb Code     0  libshutdown2.o(.ARM.Collect$$libshutdown$$0000000E)
    __rt_lib_shutdown_return                 0x000002ff   Thumb Code     0  libshutdown2.o(.ARM.Collect$$libshutdown$$0000000F)
    __rt_lib_shutdown_signal_1               0x000002ff   Thumb Code     0  libshutdown2.o(.ARM.Collect$$libshutdown$$00000009)
    __rt_lib_shutdown_stdio_1                0x000002ff   Thumb Code     0  libshutdown2.o(.ARM.Collect$$libshutdown$$00000003)
    __rt_lib_shutdown_user_alloc_1           0x000002ff   Thumb Code     0  libshutdown2.o(.ARM.Collect$$libshutdown$$0000000B)
    __rt_entry                               0x00000301   Thumb Code     0  rtentry.o(.ARM.Collect$$rtentry$$00000000)
    __rt_entry_presh_1                       0x00000301   Thumb Code     0  rtentry2.o(.ARM.Collect$$rtentry$$00000002)
    __rt_entry_sh                            0x00000301   Thumb Code     0  rtentry4.o(.ARM.Collect$$rtentry$$00000004)
    __rt_entry_li                            0x00000307   Thumb Code     0  rtentry2.o(.ARM.Collect$$rtentry$$0000000A)
    __rt_entry_postsh_1                      0x00000307   Thumb Code     0  rtentry2.o(.ARM.Collect$$rtentry$$00000009)
    __rt_entry_main                          0x0000030b   Thumb Code     0  rtentry2.o(.ARM.Collect$$rtentry$$0000000D)
    __rt_entry_postli_1                      0x0000030b   Thumb Code     0  rtentry2.o(.ARM.Collect$$rtentry$$0000000C)
    __rt_exit                                0x00000313   Thumb Code     0  rtexit.o(.ARM.Collect$$rtexit$$00000000)
    __rt_exit_ls                             0x00000315   Thumb Code     0  rtexit2.o(.ARM.Collect$$rtexit$$00000003)
    __rt_exit_prels_1                        0x00000315   Thumb Code     0  rtexit2.o(.ARM.Collect$$rtexit$$00000002)
    __rt_exit_exit                           0x00000319   Thumb Code     0  rtexit2.o(.ARM.Collect$$rtexit$$00000004)
    DisableInterrupts                        0x00000321   Thumb Code     0  startup.o(.text)
    EnableInterrupts                         0x00000325   Thumb Code     0  startup.o(.text)
    StartCritical                            0x00000329   Thumb Code     0  startup.o(.text)
    EndCritical                              0x00000331   Thumb Code     0  startup.o(.text)
    WaitForInterrupt                         0x00000337   Thumb Code     0  startup.o(.text)
    __user_initial_stackheap                 0x0000033b   Thumb Code     0  startup.o(.text)
    Random_Init                              0x00000351   Thumb Code     0  random.o(.text)
    Random                                   0x00000357   Thumb Code     2  random.o(.text)
    __use_two_region_memory                  0x00000375   Thumb Code     2  heapauxi.o(.text)
    __rt_heap_escrow$2region                 0x00000377   Thumb Code     2  heapauxi.o(.text)
    __rt_heap_expand$2region                 0x00000379   Thumb Code     2  heapauxi.o(.text)
    __user_setup_stackheap                   0x0000037b   Thumb Code    74  sys_stackheap_outer.o(.text)
    exit                                     0x000003c5   Thumb Code    12  exit.o(.text)
    __user_libspace                          0x000003d1   Thumb Code     8  libspace.o(.text)
    __user_perproc_libspace                  0x000003d1   Thumb Code     0  libspace.o(.text)
    __user_perthread_libspace                0x000003d1   Thumb Code     0  libspace.o(.text)
    _sys_exit                                0x000003d9   Thumb Code     8  sys_exit.o(.text)
    __I$use$semihosting                      0x000003e5   Thumb Code     0  use_no_semi.o(.text)
    __use_no_semihosting_swi                 0x000003e5   Thumb Code     2  use_no_semi.o(.text)
    __semihosting_library_function           0x000003e7   Thumb Code     0  indicate_semi.o(.text)
    ADC0_In                                  0x000003e9   Thumb Code    36  adc.o(i.ADC0_In)
    ADC0_Init                                0x00000415   Thumb Code   172  adc.o(i.ADC0_Init)
    ADC1_In                                  0x000004e5   Thumb Code     6  texas.o(i.ADC1_In)
    ADC1_Init                                0x000004f1   Thumb Code   174  texas.o(i.ADC1_Init)
    CactusMove                               0x000005c5   Thumb Code    54  gameengine.o(i.CactusMove)
    CheckCollision                           0x00000601   Thumb Code   274  gameengine.o(i.CheckCollision)
    Check_GameOver                           0x00000721   Thumb Code    22  gameengine.o(i.Check_GameOver)
    ConvertToDistance                        0x00000741   Thumb Code    12  gameengine.o(i.ConvertToDistance)
    DAC_Init                                 0x0000074d   Thumb Code    86  dac.o(i.DAC_Init)
    DAC_Out                                  0x000007ad   Thumb Code     6  dac.o(i.DAC_Out)
    Delay100ms                               0x000007b9   Thumb Code    30  dinosaurrun.o(i.Delay100ms)
    DrawCacti                                0x000007dd   Thumb Code    58  gameengine.o(i.DrawCacti)
    DrawPlayer                               0x0000081d   Thumb Code    62  gameengine.o(i.DrawPlayer)
    DrawVultures                             0x00000869   Thumb Code    78  gameengine.o(i.DrawVultures)
    Draw_GameFrame                           0x000008c1   Thumb Code    36  gameengine.o(i.Draw_GameFrame)
    Failure_LedCount                         0x000008e5   Thumb Code    22  switchled.o(i.Failure_LedCount)
    Failure_LedOff                           0x00000901   Thumb Code    16  switchled.o(i.Failure_LedOff)
    Failure_LedOn                            0x00000919   Thumb Code    20  switchled.o(i.Failure_LedOn)
    Game_Init                                0x00000939   Thumb Code   180  gameengine.o(i.Game_Init)
    Jump                                     0x00000a21   Thumb Code    18  gameengine.o(i.Jump)
    Move_ActiveObjects                       0x00000a39   Thumb Code    16  gameengine.o(i.Move_ActiveObjects)
    Nokia5110_Clear                          0x00000a49   Thumb Code    32  virtualnokia5110.o(i.Nokia5110_Clear)
    Nokia5110_ClearBuffer                    0x00000a69   Thumb Code    20  virtualnokia5110.o(i.Nokia5110_ClearBuffer)
    Nokia5110_DisplayBuffer                  0x00000a81   Thumb Code    10  virtualnokia5110.o(i.Nokia5110_DisplayBuffer)
    Nokia5110_DrawFullImage                  0x00000a91   Thumb Code    34  virtualnokia5110.o(i.Nokia5110_DrawFullImage)
    Nokia5110_Init                           0x00000ab5   Thumb Code   316  virtualnokia5110.o(i.Nokia5110_Init)
    Nokia5110_OutChar                        0x00000c21   Thumb Code    52  virtualnokia5110.o(i.Nokia5110_OutChar)
    Nokia5110_OutString                      0x00000c59   Thumb Code    22  virtualnokia5110.o(i.Nokia5110_OutString)
    Nokia5110_OutUDec                        0x00000c71   Thumb Code   394  virtualnokia5110.o(i.Nokia5110_OutUDec)
    Nokia5110_PrintBMP                       0x00000e0d   Thumb Code   420  virtualnokia5110.o(i.Nokia5110_PrintBMP)
    Nokia5110_SetCursor                      0x00000fb5   Thumb Code    48  virtualnokia5110.o(i.Nokia5110_SetCursor)
    PF1Init                                  0x00000fe5   Thumb Code    88  dinosaurrun.o(i.PF1Init)
    PLL_Init                                 0x00001055   Thumb Code   118  texas.o(i.PLL_Init)
    PlayerMove                               0x000010d1   Thumb Code    72  gameengine.o(i.PlayerMove)
    RandomDelayGenerator                     0x0000111d   Thumb Code    20  gameengine.o(i.RandomDelayGenerator)
    RandomGenerator                          0x00001131   Thumb Code    18  gameengine.o(i.RandomGenerator)
    SetCode                                  0x00001145   Thumb Code    20  texas.o(i.SetCode)
    SetCourse                                0x0000115d   Thumb Code    20  texas.o(i.SetCourse)
    SoundOut                                 0x00001175   Thumb Code    16  sound.o(i.SoundOut)
    Sound_Explosion                          0x00001191   Thumb Code    14  sound.o(i.Sound_Explosion)
    Sound_Init                               0x000011a5   Thumb Code    18  sound.o(i.Sound_Init)
    Sound_Jump                               0x000011c1   Thumb Code    14  sound.o(i.Sound_Jump)
    Sound_Play                               0x000011d5   Thumb Code    54  sound.o(i.Sound_Play)
    SpawnCactus                              0x00001219   Thumb Code    86  gameengine.o(i.SpawnCactus)
    SpawnVulture                             0x00001279   Thumb Code   126  gameengine.o(i.SpawnVulture)
    State_GameOver                           0x00001301   Thumb Code   112  gameengine.o(i.State_GameOver)
    SwitchLed_Init                           0x000013b9   Thumb Code   156  switchled.o(i.SwitchLed_Init)
    Switch_Jump                              0x00001475   Thumb Code    36  switchled.o(i.Switch_Jump)
    SysTick_Handler                          0x000014a1   Thumb Code    70  dinosaurrun.o(i.SysTick_Handler)
    SysTick_Init                             0x000014f9   Thumb Code    42  dinosaurrun.o(i.SysTick_Init)
    TExaS_Init                               0x00001529   Thumb Code   324  texas.o(i.TExaS_Init)
    Timer2A_Handler                          0x000016ed   Thumb Code    28  dinosaurrun.o(i.Timer2A_Handler)
    Timer2_Init                              0x00001711   Thumb Code    84  dinosaurrun.o(i.Timer2_Init)
    Timer4A_Handler                          0x00001779   Thumb Code    20  texas.o(i.Timer4A_Handler)
    Timer5A_Handler                          0x00001799   Thumb Code    34  texas.o(i.Timer5A_Handler)
    UART0_Init                               0x000017c9   Thumb Code   160  texas.o(i.UART0_Init)
    UpdateScore                              0x00001889   Thumb Code    52  gameengine.o(i.UpdateScore)
    VultureMove                              0x000018c9   Thumb Code    72  gameengine.o(i.VultureMove)
    main                                     0x00001961   Thumb Code   142  dinosaurrun.o(i.main)
    NoInputMsg                               0x00001a00   Data          40  texas.o(.constdata)
    OutputPortMsg0                           0x00001a28   Data          40  texas.o(.constdata)
    OutputPortMsg1                           0x00001a50   Data          40  texas.o(.constdata)
    OutputPortMsg2                           0x00001a78   Data          40  texas.o(.constdata)
    OutputPortMsg3                           0x00001aa0   Data          40  texas.o(.constdata)
    BlankMsg                                 0x00001ac8   Data          40  texas.o(.constdata)
    InitializedMsg                           0x00001af0   Data          40  texas.o(.constdata)
    IntroMsg                                 0x00001b18   Data          40  texas.o(.constdata)
    DoneMsg                                  0x00001b40   Data          40  texas.o(.constdata)
    Cactus0                                  0x00001f28   Data         231  gameengine.o(.constdata)
    Cactus1                                  0x0000200f   Data         231  gameengine.o(.constdata)
    PlayerDino0                              0x000020f6   Data         227  gameengine.o(.constdata)
    PlayerDino1                              0x000021d9   Data         227  gameengine.o(.constdata)
    Vulture0                                 0x000022bc   Data         175  gameengine.o(.constdata)
    Vulture1                                 0x0000236b   Data         175  gameengine.o(.constdata)
    BigExplosion0                            0x0000241a   Data         215  gameengine.o(.constdata)
    BigExplosion1                            0x000024f1   Data         215  gameengine.o(.constdata)
    jump                                     0x000025c8   Data         982  sound.o(.constdata)
    explosion                                0x0000299e   Data        2000  sound.o(.constdata)
    Region$$Table$$Base                      0x00003170   Number         0  anon$$obj.o(Region$$Table)
    Region$$Table$$Limit                     0x00003190   Number         0  anon$$obj.o(Region$$Table)
    TExaS_Period                             0x20000000   Data           4  texas.o(.data)
    TExaS_Ports                              0x20000004   Data           8  texas.o(.data)
    Display                                  0x2000000c   Data           1  texas.o(.data)
    TExaS_Meter                              0x20000010   Data           4  texas.o(.data)
    ADCnum                                   0x20000014   Data           4  texas.o(.data)
    LastMode                                 0x20000018   Data           4  texas.o(.data)
    bFlag                                    0x2000001c   Data           4  texas.o(.data)
    Count                                    0x20000020   Data           4  texas.o(.data)
    DelayBetweenTests                        0x20000024   Data           4  texas.o(.data)
    TExaS_Test                               0x20000028   Data           4  texas.o(.data)
    ScopeMode                                0x2000002c   Data           4  texas.o(.data)
    ScopeCount                               0x20000030   Data           4  texas.o(.data)
    FrameCount                               0x20000034   Data           4  gameengine.o(.data)
    Distance                                 0x20000038   Data           4  gameengine.o(.data)
    ADCdata                                  0x2000003c   Data           4  gameengine.o(.data)
    Score                                    0x20000040   Data           4  gameengine.o(.data)
    Time                                     0x20000044   Data           4  gameengine.o(.data)
    CactusDelay                              0x20000048   Data           1  gameengine.o(.data)
    VultureDelay                             0x20000049   Data           1  gameengine.o(.data)
    PrevJump                                 0x2000004c   Data           4  switchled.o(.data)
    PrevSpecFire                             0x20000050   Data           4  switchled.o(.data)
    SuccessLedCount                          0x20000054   Data           4  switchled.o(.data)
    FailureLedCount                          0x20000058   Data           4  switchled.o(.data)
    Index                                    0x2000005c   Data           4  sound.o(.data)
    SoundCount                               0x20000060   Data           4  sound.o(.data)
    Wave                                     0x20000064   Data           4  sound.o(.data)
    Semaphore                                0x20000068   Data           1  dinosaurrun.o(.data)
    PeriodicTask                             0x2000006c   Data           4  dinosaurrun.o(.data)
    GameOverFlag                             0x20000070   Data           1  dinosaurrun.o(.data)
    TExaS                                    0x20000078   Data          56  texas.o(.bss)
    Screen                                   0x200000b0   Data         504  virtualnokia5110.o(.bss)
    Player                                   0x200002a8   Data          32  gameengine.o(.bss)
    Cacti                                    0x200002c8   Data          32  gameengine.o(.bss)
    Vultures                                 0x200002e8   Data          24  gameengine.o(.bss)
    __libspace_start                         0x20000300   Data          96  libspace.o(.bss)
    __temporary_stack_top$libspace           0x20000360   Data           0  libspace.o(.bss)



==============================================================================

Memory Map of the image

  Image Entry point : 0x0000026d

  Load Region LR_1 (Base: 0x00000000, Size: 0x00003208, Max: 0xffffffff, ABSOLUTE)

    Execution Region ER_RO (Base: 0x00000000, Size: 0x00003190, Max: 0xffffffff, ABSOLUTE)

    Base Addr    Size         Type   Attr      Idx    E Section Name        Object

    0x00000000   0x00000284   Code   RO            3  * RESET               startup.o
    0x00000284   0x00000008   Code   RO          542  * !!!main             c_w.l(__main.o)
    0x0000028c   0x00000034   Code   RO          696    !!!scatter          c_w.l(__scatter.o)
    0x000002c0   0x0000001a   Code   RO          698    !!handler_copy      c_w.l(__scatter_copy.o)
    0x000002da   0x00000002   PAD
    0x000002dc   0x0000001c   Code   RO          700    !!handler_zi        c_w.l(__scatter_zi.o)
    0x000002f8   0x00000002   Code   RO          569    .ARM.Collect$$libinit$$00000000  c_w.l(libinit.o)
    0x000002fa   0x00000000   Code   RO          576    .ARM.Collect$$libinit$$00000002  c_w.l(libinit2.o)
    0x000002fa   0x00000000   Code   RO          579    .ARM.Collect$$libinit$$00000008  c_w.l(libinit2.o)
    0x000002fa   0x00000000   Code   RO          581    .ARM.Collect$$libinit$$0000000A  c_w.l(libinit2.o)
    0x000002fa   0x00000000   Code   RO          583    .ARM.Collect$$libinit$$0000000C  c_w.l(libinit2.o)
    0x000002fa   0x00000000   Code   RO          586    .ARM.Collect$$libinit$$0000000F  c_w.l(libinit2.o)
    0x000002fa   0x00000000   Code   RO          588    .ARM.Collect$$libinit$$00000011  c_w.l(libinit2.o)
    0x000002fa   0x00000000   Code   RO          590    .ARM.Collect$$libinit$$00000013  c_w.l(libinit2.o)
    0x000002fa   0x00000000   Code   RO          592    .ARM.Collect$$libinit$$00000015  c_w.l(libinit2.o)
    0x000002fa   0x00000000   Code   RO          594    .ARM.Collect$$libinit$$00000017  c_w.l(libinit2.o)
    0x000002fa   0x00000000   Code   RO          596    .ARM.Collect$$libinit$$00000019  c_w.l(libinit2.o)
    0x000002fa   0x00000000   Code   RO          598    .ARM.Collect$$libinit$$0000001B  c_w.l(libinit2.o)
    0x000002fa   0x00000000   Code   RO          600    .ARM.Collect$$libinit$$0000001D  c_w.l(libinit2.o)
    0x000002fa   0x00000000   Code   RO          602    .ARM.Collect$$libinit$$0000001F  c_w.l(libinit2.o)
    0x000002fa   0x00000000   Code   RO          604    .ARM.Collect$$libinit$$00000021  c_w.l(libinit2.o)
    0x000002fa   0x00000000   Code   RO          606    .ARM.Collect$$libinit$$00000023  c_w.l(libinit2.o)
    0x000002fa   0x00000000   Code   RO          610    .ARM.Collect$$libinit$$0000002A  c_w.l(libinit2.o)
    0x000002fa   0x00000000   Code   RO          612    .ARM.Collect$$libinit$$0000002C  c_w.l(libinit2.o)
    0x000002fa   0x00000000   Code   RO          614    .ARM.Collect$$libinit$$0000002E  c_w.l(libinit2.o)
    0x000002fa   0x00000000   Code   RO          616    .ARM.Collect$$libinit$$00000030  c_w.l(libinit2.o)
    0x000002fa   0x00000002   Code   RO          617    .ARM.Collect$$libinit$$00000031  c_w.l(libinit2.o)
    0x000002fc   0x00000002   Code   RO          637    .ARM.Collect$$libshutdown$$00000000  c_w.l(libshutdown.o)
    0x000002fe   0x00000000   Code   RO          651    .ARM.Collect$$libshutdown$$00000003  c_w.l(libshutdown2.o)
    0x000002fe   0x00000000   Code   RO          654    .ARM.Collect$$libshutdown$$00000006  c_w.l(libshutdown2.o)
    0x000002fe   0x00000000   Code   RO          657    .ARM.Collect$$libshutdown$$00000009  c_w.l(libshutdown2.o)
    0x000002fe   0x00000000   Code   RO          659    .ARM.Collect$$libshutdown$$0000000B  c_w.l(libshutdown2.o)
    0x000002fe   0x00000000   Code   RO          662    .ARM.Collect$$libshutdown$$0000000E  c_w.l(libshutdown2.o)
    0x000002fe   0x00000002   Code   RO          663    .ARM.Collect$$libshutdown$$0000000F  c_w.l(libshutdown2.o)
    0x00000300   0x00000000   Code   RO          544    .ARM.Collect$$rtentry$$00000000  c_w.l(rtentry.o)
    0x00000300   0x00000000   Code   RO          546    .ARM.Collect$$rtentry$$00000002  c_w.l(rtentry2.o)
    0x00000300   0x00000006   Code   RO          558    .ARM.Collect$$rtentry$$00000004  c_w.l(rtentry4.o)
    0x00000306   0x00000000   Code   RO          548    .ARM.Collect$$rtentry$$00000009  c_w.l(rtentry2.o)
    0x00000306   0x00000004   Code   RO          549    .ARM.Collect$$rtentry$$0000000A  c_w.l(rtentry2.o)
    0x0000030a   0x00000000   Code   RO          551    .ARM.Collect$$rtentry$$0000000C  c_w.l(rtentry2.o)
    0x0000030a   0x00000008   Code   RO          552    .ARM.Collect$$rtentry$$0000000D  c_w.l(rtentry2.o)
    0x00000312   0x00000002   Code   RO          573    .ARM.Collect$$rtexit$$00000000  c_w.l(rtexit.o)
    0x00000314   0x00000000   Code   RO          619    .ARM.Collect$$rtexit$$00000002  c_w.l(rtexit2.o)
    0x00000314   0x00000004   Code   RO          620    .ARM.Collect$$rtexit$$00000003  c_w.l(rtexit2.o)
    0x00000318   0x00000006   Code   RO          621    .ARM.Collect$$rtexit$$00000004  c_w.l(rtexit2.o)
    0x0000031e   0x00000002   PAD
    0x00000320   0x00000030   Code   RO            4    .text               startup.o
    0x00000350   0x00000024   Code   RO           13    .text               random.o
    0x00000374   0x00000006   Code   RO          540    .text               c_w.l(heapauxi.o)
    0x0000037a   0x0000004a   Code   RO          560    .text               c_w.l(sys_stackheap_outer.o)
    0x000003c4   0x0000000c   Code   RO          562    .text               c_w.l(exit.o)
    0x000003d0   0x00000008   Code   RO          570    .text               c_w.l(libspace.o)
    0x000003d8   0x0000000c   Code   RO          629    .text               c_w.l(sys_exit.o)
    0x000003e4   0x00000002   Code   RO          640    .text               c_w.l(use_no_semi.o)
    0x000003e6   0x00000000   Code   RO          642    .text               c_w.l(indicate_semi.o)
    0x000003e6   0x00000002   PAD
    0x000003e8   0x0000002c   Code   RO          365    i.ADC0_In           adc.o
    0x00000414   0x000000d0   Code   RO          366    i.ADC0_Init         adc.o
    0x000004e4   0x0000000c   Code   RO           16    i.ADC1_In           texas.o
    0x000004f0   0x000000d4   Code   RO           17    i.ADC1_Init         texas.o
    0x000005c4   0x0000003c   Code   RO          227    i.CactusMove        gameengine.o
    0x00000600   0x00000120   Code   RO          228    i.CheckCollision    gameengine.o
    0x00000720   0x00000020   Code   RO          229    i.Check_GameOver    gameengine.o
    0x00000740   0x0000000c   Code   RO          230    i.ConvertToDistance  gameengine.o
    0x0000074c   0x00000060   Code   RO          386    i.DAC_Init          dac.o
    0x000007ac   0x0000000c   Code   RO          387    i.DAC_Out           dac.o
    0x000007b8   0x00000024   Code   RO          484    i.Delay100ms        dinosaurrun.o
    0x000007dc   0x00000040   Code   RO          231    i.DrawCacti         gameengine.o
    0x0000081c   0x0000004c   Code   RO          232    i.DrawPlayer        gameengine.o
    0x00000868   0x00000058   Code   RO          233    i.DrawVultures      gameengine.o
    0x000008c0   0x00000024   Code   RO          234    i.Draw_GameFrame    gameengine.o
    0x000008e4   0x0000001c   Code   RO          404    i.Failure_LedCount  switchled.o
    0x00000900   0x00000018   Code   RO          405    i.Failure_LedOff    switchled.o
    0x00000918   0x00000020   Code   RO          406    i.Failure_LedOn     switchled.o
    0x00000938   0x000000e8   Code   RO          235    i.Game_Init         gameengine.o
    0x00000a20   0x00000018   Code   RO          236    i.Jump              gameengine.o
    0x00000a38   0x00000010   Code   RO          237    i.Move_ActiveObjects  gameengine.o
    0x00000a48   0x00000020   Code   RO          137    i.Nokia5110_Clear   virtualnokia5110.o
    0x00000a68   0x00000018   Code   RO          138    i.Nokia5110_ClearBuffer  virtualnokia5110.o
    0x00000a80   0x00000010   Code   RO          140    i.Nokia5110_DisplayBuffer  virtualnokia5110.o
    0x00000a90   0x00000022   Code   RO          141    i.Nokia5110_DrawFullImage  virtualnokia5110.o
    0x00000ab2   0x00000002   PAD
    0x00000ab4   0x0000016c   Code   RO          142    i.Nokia5110_Init    virtualnokia5110.o
    0x00000c20   0x00000038   Code   RO          143    i.Nokia5110_OutChar  virtualnokia5110.o
    0x00000c58   0x00000016   Code   RO          144    i.Nokia5110_OutString  virtualnokia5110.o
    0x00000c6e   0x00000002   PAD
    0x00000c70   0x0000019c   Code   RO          145    i.Nokia5110_OutUDec  virtualnokia5110.o
    0x00000e0c   0x000001a8   Code   RO          146    i.Nokia5110_PrintBMP  virtualnokia5110.o
    0x00000fb4   0x00000030   Code   RO          147    i.Nokia5110_SetCursor  virtualnokia5110.o
    0x00000fe4   0x00000070   Code   RO          485    i.PF1Init           dinosaurrun.o
    0x00001054   0x0000007c   Code   RO           18    i.PLL_Init          texas.o
    0x000010d0   0x0000004c   Code   RO          238    i.PlayerMove        gameengine.o
    0x0000111c   0x00000014   Code   RO          239    i.RandomDelayGenerator  gameengine.o
    0x00001130   0x00000012   Code   RO          240    i.RandomGenerator   gameengine.o
    0x00001142   0x00000002   PAD
    0x00001144   0x00000018   Code   RO           19    i.SetCode           texas.o
    0x0000115c   0x00000018   Code   RO           20    i.SetCourse         texas.o
    0x00001174   0x0000001c   Code   RO          443    i.SoundOut          sound.o
    0x00001190   0x00000014   Code   RO          444    i.Sound_Explosion   sound.o
    0x000011a4   0x0000001c   Code   RO          445    i.Sound_Init        sound.o
    0x000011c0   0x00000014   Code   RO          446    i.Sound_Jump        sound.o
    0x000011d4   0x00000044   Code   RO          447    i.Sound_Play        sound.o
    0x00001218   0x00000060   Code   RO          241    i.SpawnCactus       gameengine.o
    0x00001278   0x00000088   Code   RO          242    i.SpawnVulture      gameengine.o
    0x00001300   0x000000b8   Code   RO          243    i.State_GameOver    gameengine.o
    0x000013b8   0x000000bc   Code   RO          407    i.SwitchLed_Init    switchled.o
    0x00001474   0x0000002c   Code   RO          408    i.Switch_Jump       switchled.o
    0x000014a0   0x00000058   Code   RO          486    i.SysTick_Handler   dinosaurrun.o
    0x000014f8   0x00000030   Code   RO          487    i.SysTick_Init      dinosaurrun.o
    0x00001528   0x000001c4   Code   RO           24    i.TExaS_Init        texas.o
    0x000016ec   0x00000024   Code   RO          488    i.Timer2A_Handler   dinosaurrun.o
    0x00001710   0x00000068   Code   RO          489    i.Timer2_Init       dinosaurrun.o
    0x00001778   0x00000020   Code   RO           26    i.Timer4A_Handler   texas.o
    0x00001798   0x00000030   Code   RO           27    i.Timer5A_Handler   texas.o
    0x000017c8   0x000000c0   Code   RO           30    i.UART0_Init        texas.o
    0x00001888   0x00000040   Code   RO          244    i.UpdateScore       gameengine.o
    0x000018c8   0x0000004c   Code   RO          245    i.VultureMove       gameengine.o
    0x00001914   0x0000004c   Code   RO          149    i.lcdwrite          virtualnokia5110.o
    0x00001960   0x000000a0   Code   RO          490    i.main              dinosaurrun.o
    0x00001a00   0x00000168   Data   RO           35    .constdata          texas.o
    0x00001b68   0x000001e0   Data   RO          151    .constdata          virtualnokia5110.o
    0x00001d48   0x00000880   Data   RO          249    .constdata          gameengine.o
    0x000025c8   0x00000ba6   Data   RO          448    .constdata          sound.o
    0x0000316e   0x00000002   PAD
    0x00003170   0x00000020   Data   RO          694    Region$$Table       anon$$obj.o


    Execution Region ER_RW (Base: 0x20000000, Size: 0x00000078, Max: 0xffffffff, ABSOLUTE)

    Base Addr    Size         Type   Attr      Idx    E Section Name        Object

    0x20000000   0x00000034   Data   RW           36    .data               texas.o
    0x20000034   0x00000016   Data   RW          250    .data               gameengine.o
    0x2000004a   0x00000002   PAD
    0x2000004c   0x00000010   Data   RW          409    .data               switchled.o
    0x2000005c   0x0000000c   Data   RW          449    .data               sound.o
    0x20000068   0x00000009   Data   RW          492    .data               dinosaurrun.o
    0x20000071   0x00000003   PAD
    0x20000074   0x00000004   Data   RW           12    DATA                random.o


    Execution Region ER_ZI (Base: 0x20000078, Size: 0x000006e8, Max: 0xffffffff, ABSOLUTE)

    Base Addr    Size         Type   Attr      Idx    E Section Name        Object

    0x20000078   0x00000038   Zero   RW           34    .bss                texas.o
    0x200000b0   0x000001f8   Zero   RW          150    .bss                virtualnokia5110.o
    0x200002a8   0x00000058   Zero   RW          248    .bss                gameengine.o
    0x20000300   0x00000060   Zero   RW          571    .bss                c_w.l(libspace.o)
    0x20000360   0x00000000   Zero   RW            2    HEAP                startup.o
    0x20000360   0x00000400   Zero   RW            1    STACK               startup.o


==============================================================================

Image component sizes


      Code (inc. data)   RO Data    RW Data    ZI Data      Debug   Object Name

       252         44          0          0          0        790   adc.o
       108         16          0          0          0        685   dac.o
       584        100          0          9          0       3665   dinosaurrun.o
      1598        230       2176         22         88       9606   gameengine.o
        36         12          0          4          0        160   random.o
       164         48       2982         12          0       2231   sound.o
       692        632          0          0       1024        844   startup.o
       316         66          0         16          0       2211   switchled.o
      1120        244        360         52         56      16920   texas.o
      1508         94        480          0        504       7709   virtualnokia5110.o

    ----------------------------------------------------------------------
      6384       1486       6032        120       1672      44821   Object Totals
         0          0         32          0          0          0   (incl. Generated)
         6          0          2          5          0          0   (incl. Padding)

    ----------------------------------------------------------------------

      Code (inc. data)   RO Data    RW Data    ZI Data      Debug   Library Member Name

         8          0          0          0          0         68   __main.o
        52          8          0          0          0          0   __scatter.o
        26          0          0          0          0          0   __scatter_copy.o
        28          0          0          0          0          0   __scatter_zi.o
        12          0          0          0          0         72   exit.o
         6          0          0          0          0        152   heapauxi.o
         0          0          0          0          0          0   indicate_semi.o
         2          0          0          0          0          0   libinit.o
         2          0          0          0          0          0   libinit2.o
         2          0          0          0          0          0   libshutdown.o
         2          0          0          0          0          0   libshutdown2.o
         8          4          0          0         96         68   libspace.o
         0          0          0          0          0          0   rtentry.o
        12          0          0          0          0          0   rtentry2.o
         6          0          0          0          0          0   rtentry4.o
         2          0          0          0          0          0   rtexit.o
        10          0          0          0          0          0   rtexit2.o
        12          4          0          0          0         68   sys_exit.o
        74          0          0          0          0         80   sys_stackheap_outer.o
         2          0          0          0          0         68   use_no_semi.o

    ----------------------------------------------------------------------
       272         16          0          0         96        576   Library Totals
         6          0          0          0          0          0   (incl. Padding)

    ----------------------------------------------------------------------

      Code (inc. data)   RO Data    RW Data    ZI Data      Debug   Library Name

       266         16          0          0         96        576   c_w.l

    ----------------------------------------------------------------------
       272         16          0          0         96        576   Library Totals

    ----------------------------------------------------------------------

==============================================================================


      Code (inc. data)   RO Data    RW Data    ZI Data      Debug   

      6656       1502       6032        120       1768      42173   Grand Totals
      6656       1502       6032        120       1768      42173   ELF Image Totals
      6656       1502       6032        120          0          0   ROM Totals

==============================================================================

    Total RO  Size (Code + RO Data)                12688 (  12.39kB)
    Total RW  Size (RW Data + ZI Data)              1888 (   1.84kB)
    Total ROM Size (Code + RO Data + RW Data)      12808 (  12.51kB)

==============================================================================

